inline busy refused true
inline 0=echo:inline, then empty true
inline closed cleanly true
inline throw accepted true
inline throw failed true: worker request failed: probe failure
inline throw refuses more true, closed cleanly false
suggested workers in range true
size 3
distinct workers true, separate from owner true
idle after replies true
empty true
inherited 42
0=echo:hello
2=2000005
unknown worker refused true
closed cleanly true
send after close refused true
crash failed true worker 1: worker exited with status 3
send after failure refused true
close after failure false
bounded wait timed out true, still busy true
terminated reply failed true
PASS: process worker pool
